GET
Array
(
)
METHOD: POST
POST: Array
(
    [address_id] => 44
    [new_address] => null
)
TIME: 16:59:13

---
METHOD: POST
POST: Array
(
    [address_id] => 44
    [new_address] => null
)
TIME: 09:06:41

---
METHOD: POST
POST: Array
(
    [address_id] => 44
    [new_address] => null
)
TIME: 09:08:33

---
METHOD: POST
POST: Array
(
    [address_id] => 44
    [new_address] => null
)
TIME: 09:09:24

---
METHOD: POST
POST: Array
(
    [address_id] => 44
    [new_address] => null
)
TIME: 09:13:24

---
METHOD: POST
POST: Array
(
    [address_id] => 44
    [new_address] => null
)
TIME: 09:14:20

---
METHOD: POST
POST: Array
(
    [address_id] => 44
    [new_address] => null
)
TIME: 09:14:48

---
METHOD: POST
POST: Array
(
    [address_id] => 44
    [new_address] => null
)
TIME: 09:15:55

---
METHOD: POST
POST: Array
(
    [address_id] => 44
    [new_address] => null
)
TIME: 09:17:02

---
